$ bun run --watch src/iGM_ServerMain.ts
error: Cannot find module '../iGM_Config' from 'D:\IGWEB\iGM_Server\src\iGM_Services\iGM_QuotaService.ts'
[iGM_Server] 错误：UNKNOWN 178 |   } else {
179 |     await trx.rollback();
180 |     throw new iGM_QuotaError(402, "ai.errors.quotaInsufficient");
181 |   }
182 | 
183 |   await trx.commit();
                  ^
TypeError: trx.commit is not a function. (In 'trx.commit()', 'trx.commit' is undefined)
      at iGM_Charge (D:\IGWEB\iGM_Server\src\iGM_Services\iGM_QuotaService.ts:183:13)
      at iGM_StreamAIService (D:\IGWEB\iGM_Server\src\iGM_Services\iGM_AIService.ts:440:36)
      at iGM_HandleChat (D:\IGWEB\iGM_Server\src\iGM_Routes\G_AI.ts:97:3)
      at handle (file:///D:/IGWEB/node_modules/.bun/elysia@1.4.30+7e771105444049d1/node_modules/elysia/dist/compose.mjs:11:20)
      at processTicksAndRejections (native:7:39)

[iGM_Server] 错误：UNKNOWN 178 |   } else {
179 |     await trx.rollback();
180 |     throw new iGM_QuotaError(402, "ai.errors.quotaInsufficient");
181 |   }
182 | 
183 |   await trx.commit();
                  ^
TypeError: trx.commit is not a function. (In 'trx.commit()', 'trx.commit' is undefined)
      at iGM_Charge (D:\IGWEB\iGM_Server\src\iGM_Services\iGM_QuotaService.ts:183:13)
      at iGM_StreamAIService (D:\IGWEB\iGM_Server\src\iGM_Services\iGM_AIService.ts:440:36)
      at iGM_HandleChat (D:\IGWEB\iGM_Server\src\iGM_Routes\G_AI.ts:97:3)
      at handle (file:///D:/IGWEB/node_modules/.bun/elysia@1.4.30+7e771105444049d1/node_modules/elysia/dist/compose.mjs:11:20)
      at processTicksAndRejections (native:7:39)

[iGM_Server] 错误：UNKNOWN 178 |   } else {
179 |     await trx.rollback();
180 |     throw new iGM_QuotaError(402, "ai.errors.quotaInsufficient");
181 |   }
182 | 
183 |   await trx.commit();
                  ^
TypeError: trx.commit is not a function. (In 'trx.commit()', 'trx.commit' is undefined)
      at iGM_Charge (D:\IGWEB\iGM_Server\src\iGM_Services\iGM_QuotaService.ts:183:13)
      at iGM_StreamAIService (D:\IGWEB\iGM_Server\src\iGM_Services\iGM_AIService.ts:440:36)
      at iGM_HandleChat (D:\IGWEB\iGM_Server\src\iGM_Routes\G_AI.ts:97:3)
      at handle (file:///D:/IGWEB/node_modules/.bun/elysia@1.4.30+7e771105444049d1/node_modules/elysia/dist/compose.mjs:11:20)
      at processTicksAndRejections (native:7:39)

[iGM_Server] 错误：UNKNOWN 178 |   } else {
179 |     await trx.rollback();
180 |     throw new iGM_QuotaError(402, "ai.errors.quotaInsufficient");
181 |   }
182 | 
183 |   await trx.commit();
                  ^
TypeError: trx.commit is not a function. (In 'trx.commit()', 'trx.commit' is undefined)
      at iGM_Charge (D:\IGWEB\iGM_Server\src\iGM_Services\iGM_QuotaService.ts:183:13)
      at iGM_StreamAIService (D:\IGWEB\iGM_Server\src\iGM_Services\iGM_AIService.ts:440:36)
      at iGM_HandleChat (D:\IGWEB\iGM_Server\src\iGM_Routes\G_AI.ts:97:3)
      at handle (file:///D:/IGWEB/node_modules/.bun/elysia@1.4.30+7e771105444049d1/node_modules/elysia/dist/compose.mjs:11:20)
      at processTicksAndRejections (native:7:39)

error: script "dev" exited with code 255
